// Jest Snapshot v1, https://goo.gl/fbAQLP

exports[`CartItem Component Tests CartItem matches snapshot 1`] = `
<div
  className="truckCard"
>
  <div
    className="ui rounded fluid image"
    href={undefined}
  >
    <a
      className="ui orange ribbon label"
      onClick={[Function]}
    >
      <i
        aria-hidden="true"
        className="hotel icon"
      />
      BH & MT LLC
    </a>
    <img
      alt={undefined}
      height={undefined}
      src="https://s3-us-west-1.amazonaws.com/zollstorage/200X.png"
      width={undefined}
    />
  </div>
  <div
    className="truckCardtext"
  >
    Cold Truck, Breakfast, Sandwiches, Salads, Pre-Pac
  </div>
</div>
`;
